* Microsoft COBOL Version 4.5        L2.4 revision 002 07-Apr-23 15:02 Page   1
*                                        F.CBL
* Options: LIST(FF.LST) ASMLIST(F.GRP)
     1 identification division.
     2 program-id. A.
     3 author. Jeferson.
     4 installation. fatec-sp.
     5 date-written. 07/04/2023.
     6 date-compiled. 07-Apr-23 15:02.
     7 security.
     8
     9 environment division.
    10 configuration section.
    11 source-computer. ibmpc.
    12 object-computer. ibmpc.
    13 special-names. decimal-point is comma.
    14
    15 input-output section.
    16 file-control.
    17 select cadalu assign to disk
    18 organization is line sequential.
    19 select aprov assign to disk
    20 organization is line sequential.
    21 select reprov assign to disk
    22 organization is line sequential.
    23
    24 data division.
    25 file section.
    26 fd cadalu
    27    label record is standard
    28    value of file-id is "cadalu.dat".
    29 01 reg-alu.
    30    02 num-ent   pic 9(5).
    31    02 nome-ent  pic x(20).
    32    02 media-ent pic 9(2)v99.
    33
    34
    35 fd aprov
    36    label record is standard
    37    value of file-id is "aprov.dat".
    38 01 reg-aprov.
    39    02 num-a   pic 9(5).
    40    02 nome-a  pic x(20).
    41    02 media-a pic 9(2)v99.
    42
    43 fd reprov
    44    label record is standard
    45    value of file-id is "reprov.dat".
    46 01 reg-reprov.
    47    02 num-r   pic 9(5).
    48    02 nome-r  pic x(20).
    49    02 media-r pic 9(2)v99.
    50
    51 working-storage section.
    52 77 fim-arq pic x(3) value "nao".
    53
    54 procedure division.
    55
    56 PGM-1.
    57    perform inicio.
* Microsoft COBOL Version 4.5        L2.4 revision 002 07-Apr-23 15:02 Page   2
*                                        F.CBL
    58    perform principal until fim-arq = "sim".
    59    perform fim.
    60    stop run.
    61
    62 inicio.
    63    open input cadalu
    64     output aprov reprov.
    65
    66 principal.
    67    read cadalu at end move "sim" to fim-arq.
    68    perform separar.
    69
    70 separar.
    71  if media-ent < 6
    72      perform gravareprov.
    73  else
* 562-S*****                                                           (   0)**
**    An "ELSE" phrase did not have a matching IF and was discarded.
    74      perform gravaprov.
    75  end-if
    76
* 564-S                                                                (   2)**
**    A scope-delimiter did not have a matching verb and was discarded.
    77 gravaprov.
    78  move num-ent to num-a.
    79  move nome-ent to nome-a.
    80  move media-ent to media-a.
    81  write reg-aprov.
    82
    83 gravareprov.
    84  move num-ent to num-r.
    85  move nome-ent to nome-r.
    86  move media-ent to media-r.
    87  write reg-reprov.
    88 fim.
    89    close cadalu aprov reprov.
*      GRAVAPROV
* 348-S*********                                                       (   2)**
**    Procedure name GRAVAPROV undeclared
* Microsoft COBOL Version 4.5        L2.4 revision 002
* (C)Copyright Microsoft Corp 1984, 1991       URN AXUPA/MS0/000000
*                                              REF GNB-024050002A7
*
* Last message on page:  2
*
* Total Messages:     3
* Unrecoverable :     0                    Severe  :     3
* Errors        :     0                    Warnings:     0
* Informational :     0                    Flags   :     0
* Data:        1240     Code:         470     Dictionary:        1409
